---
http_interactions:
- request:
    method: post
    uri: https://secure.elabs10.com/API/mailing_list.html?type=record&activity=add
    body:
      encoding: US-ASCII
      string: input=%3CDATASET%3E%0A++++++++%3CSITE_ID%3E2010000797%3C%2FSITE_ID%3E%0A++++++++%3CDATA+type%3D%22extra%22+id%3D%22password%22%3El3tm31n%21%3C%2FDATA%3E%0A++++++++%3CMLID%3E247378%3C%2FMLID%3E%0A++++++++%3CDATA+type%3D%22email%22%3Eautomated-1390853133%40testing.com%3C%2FDATA%3E%0A++++++++%3CDATA+type%3D%22extra%22+id%3D%22state%22%3Eactive%3C%2FDATA%3E%0A++++++++%3CDATA+type%3D%22demographic%22+id%3D%2257722%22%3Eon%3C%2FDATA%3E%0A++++++++%3CDATA+type%3D%22demographic%22+id%3D%2257720%22%3E01%2F27%2F2004%3C%2FDATA%3E%0A++++++++%3CDATA+type%3D%22demographic%22+id%3D%221%22%3Etoby%3C%2FDATA%3E%0A++++++++%3CDATA+type%3D%22demographic%22+id%3D%2211%22%3EMale%3C%2FDATA%3E%0A++++++++%3CDATA+type%3D%22demographic%22+id%3D%2261623%22%3Eon%3C%2FDATA%3E%0A++++++++%3CDATA+type%3D%22demographic%22+id%3D%2261622%22%3Eon%3C%2FDATA%3E%0A++++++++%3CDATA+type%3D%22demographic%22+id%3D%2235743%22%3Eon%3C%2FDATA%3E%0A++++++++%3CDATA+type%3D%22demographic%22+id%3D%222%22%3Ederpston%3C%2FDATA%3E%0A++++++++%3CDATA+type%3D%22demographic%22+id%3D%2264485%22%3EHASHYAWESOMEDEPRIN%3C%2FDATA%3E%0A++++++++%3CDATA+type%3D%22demographic%22+id%3D%2257721%22%3E2%3C%2FDATA%3E%0A++++++++%3CDATA+type%3D%22demographic%22+id%3D%2257728%22%3E01%2F26%2F2014%3C%2FDATA%3E%0A++++++++%3CDATA+type%3D%22demographic%22+id%3D%226%22%3ECO%3C%2FDATA%3E%0A++++++++%3CDATA+type%3D%22demographic%22+id%3D%2235630%22%3E382%3C%2FDATA%3E%0A++++++++%3CDATA+type%3D%22demographic%22+id%3D%2261695%22%3E2%3C%2FDATA%3E%0A++++++++%3CDATA+type%3D%22demographic%22+id%3D%2239583%22%3EPlink+Points%3C%2FDATA%3E%0A++++++++%3CDATA+type%3D%22demographic%22+id%3D%227%22%3E80204%3C%2FDATA%3E%0A++++++%3C%2FDATASET%3E
    headers:
      accept-encoding:
      - gzip;q=1.0,deflate;q=0.6,identity;q=0.3
      accept:
      - "*/*"
      user-agent:
      - Ruby
      content-type:
      - application/x-www-form-urlencoded
  response:
    status:
      code: 200
      message: OK
    headers:
      date:
      - Mon, 27 Jan 2014 20:05:33 GMT
      server:
      - Apache
      content-length:
      - '107'
      connection:
      - close
      content-type:
      - text/xml
      set-cookie:
      - SRV=3|Uua8E; path=/
    body:
      encoding: UTF-8
      string: |
        <?xml version="1.0" encoding="iso-8859-1"?>
        <DATASET><TYPE>success</TYPE><DATA>e4d7cb9de8</DATA></DATASET>
    http_version: '1.1'
  recorded_at: Mon, 27 Jan 2014 20:05:33 GMT
- request:
    method: post
    uri: https://secure.elabs10.com/API/mailing_list.html?type=record&activity=update
    body:
      encoding: US-ASCII
      string: input=%3CDATASET%3E%0A++++++++%3CSITE_ID%3E2010000797%3C%2FSITE_ID%3E%0A++++++++%3CDATA+type%3D%22extra%22+id%3D%22password%22%3El3tm31n%21%3C%2FDATA%3E%0A++++++++%3CMLID%3E247378%3C%2FMLID%3E%0A++++++++%3CDATA+type%3D%22email%22%3Eautomated-1390853133%40testing.com%3C%2FDATA%3E%0A++++++++%3CDATA+type%3D%22extra%22+id%3D%22state%22%3Eactive%3C%2FDATA%3E%0A++++++++%3CDATA+type%3D%22demographic%22+id%3D%2257722%22%3Eon%3C%2FDATA%3E%0A++++++++%3CDATA+type%3D%22demographic%22+id%3D%2257720%22%3E01%2F27%2F2004%3C%2FDATA%3E%0A++++++++%3CDATA+type%3D%22demographic%22+id%3D%221%22%3Etoby%3C%2FDATA%3E%0A++++++++%3CDATA+type%3D%22demographic%22+id%3D%2211%22%3EMale%3C%2FDATA%3E%0A++++++++%3CDATA+type%3D%22demographic%22+id%3D%2261623%22%3Eon%3C%2FDATA%3E%0A++++++++%3CDATA+type%3D%22demographic%22+id%3D%2261622%22%3Eon%3C%2FDATA%3E%0A++++++++%3CDATA+type%3D%22demographic%22+id%3D%2235743%22%3Eon%3C%2FDATA%3E%0A++++++++%3CDATA+type%3D%22demographic%22+id%3D%222%22%3Ederpston%3C%2FDATA%3E%0A++++++++%3CDATA+type%3D%22demographic%22+id%3D%2264485%22%3EHASHYAWESOMEDEPRIN%3C%2FDATA%3E%0A++++++++%3CDATA+type%3D%22demographic%22+id%3D%2257721%22%3E2%3C%2FDATA%3E%0A++++++++%3CDATA+type%3D%22demographic%22+id%3D%2257728%22%3E01%2F26%2F2014%3C%2FDATA%3E%0A++++++++%3CDATA+type%3D%22demographic%22+id%3D%226%22%3ECO%3C%2FDATA%3E%0A++++++++%3CDATA+type%3D%22demographic%22+id%3D%2235630%22%3E382%3C%2FDATA%3E%0A++++++++%3CDATA+type%3D%22demographic%22+id%3D%2261695%22%3E2%3C%2FDATA%3E%0A++++++++%3CDATA+type%3D%22demographic%22+id%3D%2239583%22%3EPlink+Points%3C%2FDATA%3E%0A++++++++%3CDATA+type%3D%22demographic%22+id%3D%227%22%3E80204%3C%2FDATA%3E%0A++++++%3C%2FDATASET%3E
    headers:
      accept-encoding:
      - gzip;q=1.0,deflate;q=0.6,identity;q=0.3
      accept:
      - "*/*"
      user-agent:
      - Ruby
      content-type:
      - application/x-www-form-urlencoded
  response:
    status:
      code: 200
      message: OK
    headers:
      date:
      - Mon, 27 Jan 2014 20:05:33 GMT
      server:
      - Apache
      content-length:
      - '107'
      connection:
      - close
      content-type:
      - text/xml
      set-cookie:
      - SRV=4|Uua8E; path=/
    body:
      encoding: UTF-8
      string: |
        <?xml version="1.0" encoding="iso-8859-1"?>
        <DATASET><TYPE>success</TYPE><DATA>e4d7cb9de8</DATA></DATASET>
    http_version: '1.1'
  recorded_at: Mon, 27 Jan 2014 20:05:34 GMT
- request:
    method: post
    uri: https://secure.elabs10.com/API/mailing_list.html?type=record&activity=update
    body:
      encoding: US-ASCII
      string: input=%3CDATASET%3E%0A++++++++%3CSITE_ID%3E2010000797%3C%2FSITE_ID%3E%0A++++++++%3CDATA+type%3D%22extra%22+id%3D%22password%22%3El3tm31n%21%3C%2FDATA%3E%0A++++++++%3CMLID%3E247378%3C%2FMLID%3E%0A++++++++%3CDATA+type%3D%22email%22%3Eautomated-1390853133%40testing.com%3C%2FDATA%3E%0A++++++++%3CDATA+type%3D%22extra%22+id%3D%22new_email%22%3Eautomated-new-1390853133%40testing.com%3C%2FDATA%3E%0A++++++%3C%2FDATASET%3E
    headers:
      accept-encoding:
      - gzip;q=1.0,deflate;q=0.6,identity;q=0.3
      accept:
      - "*/*"
      user-agent:
      - Ruby
      content-type:
      - application/x-www-form-urlencoded
  response:
    status:
      code: 200
      message: OK
    headers:
      date:
      - Mon, 27 Jan 2014 20:05:34 GMT
      server:
      - Apache
      content-length:
      - '107'
      connection:
      - close
      content-type:
      - text/xml
      set-cookie:
      - SRV=5|Uua8E; path=/
    body:
      encoding: UTF-8
      string: |
        <?xml version="1.0" encoding="iso-8859-1"?>
        <DATASET><TYPE>success</TYPE><DATA>e4d7cb9de8</DATA></DATASET>
    http_version: '1.1'
  recorded_at: Mon, 27 Jan 2014 20:05:34 GMT
- request:
    method: post
    uri: https://secure.elabs10.com/API/mailing_list.html?type=record&activity=update
    body:
      encoding: US-ASCII
      string: input=%3CDATASET%3E%0A++++++++%3CSITE_ID%3E2010000797%3C%2FSITE_ID%3E%0A++++++++%3CDATA+type%3D%22extra%22+id%3D%22password%22%3El3tm31n%21%3C%2FDATA%3E%0A++++++++%3CMLID%3E247378%3C%2FMLID%3E%0A++++++++%3CDATA+type%3D%22email%22%3Eautomated-new-1390853133%40testing.com%3C%2FDATA%3E%0A++++++++%3CDATA+type%3D%22extra%22+id%3D%22state%22%3Etrashed%3C%2FDATA%3E%0A++++++%3C%2FDATASET%3E
    headers:
      accept-encoding:
      - gzip;q=1.0,deflate;q=0.6,identity;q=0.3
      accept:
      - "*/*"
      user-agent:
      - Ruby
      content-type:
      - application/x-www-form-urlencoded
  response:
    status:
      code: 200
      message: OK
    headers:
      date:
      - Mon, 27 Jan 2014 20:05:34 GMT
      server:
      - Apache
      content-length:
      - '107'
      connection:
      - close
      content-type:
      - text/xml
      set-cookie:
      - SRV=4|Uua8E; path=/
    body:
      encoding: UTF-8
      string: |
        <?xml version="1.0" encoding="iso-8859-1"?>
        <DATASET><TYPE>success</TYPE><DATA>e4d7cb9de8</DATA></DATASET>
    http_version: '1.1'
  recorded_at: Mon, 27 Jan 2014 20:05:34 GMT
- request:
    method: post
    uri: https://secure.elabs10.com/API/mailing_list.html?activity=add&type=record
    body:
      encoding: US-ASCII
      string: input=%3CDATASET%3E%0A++++++++%3CSITE_ID%3E2010000797%3C%2FSITE_ID%3E%0A++++++++%3CDATA+type%3D%22extra%22+id%3D%22password%22%3El3tm31n%21%3C%2FDATA%3E%0A++++++++%3CMLID%3E247378%3C%2FMLID%3E%0A++++++++%3CDATA+type%3D%22email%22%3Eautomated-1392240512%40testing.com%3C%2FDATA%3E%0A++++++++%3CDATA+type%3D%22extra%22+id%3D%22state%22%3Eactive%3C%2FDATA%3E%0A++++++++%3CDATA+type%3D%22demographic%22+id%3D%2257722%22%3Eon%3C%2FDATA%3E%0A++++++++%3CDATA+type%3D%22demographic%22+id%3D%2257720%22%3E02%2F12%2F2004%3C%2FDATA%3E%0A++++++++%3CDATA+type%3D%22demographic%22+id%3D%221%22%3Etoby%3C%2FDATA%3E%0A++++++++%3CDATA+type%3D%22demographic%22+id%3D%2211%22%3EMale%3C%2FDATA%3E%0A++++++++%3CDATA+type%3D%22demographic%22+id%3D%2261623%22%3Eon%3C%2FDATA%3E%0A++++++++%3CDATA+type%3D%22demographic%22+id%3D%2261622%22%3Eon%3C%2FDATA%3E%0A++++++++%3CDATA+type%3D%22demographic%22+id%3D%2235743%22%3Eon%3C%2FDATA%3E%0A++++++++%3CDATA+type%3D%22demographic%22+id%3D%222%22%3Ederpston%3C%2FDATA%3E%0A++++++++%3CDATA+type%3D%22demographic%22+id%3D%2264485%22%3EHASHYAWESOMEDEPRIN%3C%2FDATA%3E%0A++++++++%3CDATA+type%3D%22demographic%22+id%3D%2257721%22%3E2%3C%2FDATA%3E%0A++++++++%3CDATA+type%3D%22demographic%22+id%3D%2257728%22%3E02%2F11%2F2014%3C%2FDATA%3E%0A++++++++%3CDATA+type%3D%22demographic%22+id%3D%226%22%3ECO%3C%2FDATA%3E%0A++++++++%3CDATA+type%3D%22demographic%22+id%3D%2235630%22%3E382%3C%2FDATA%3E%0A++++++++%3CDATA+type%3D%22demographic%22+id%3D%2261695%22%3E2%3C%2FDATA%3E%0A++++++++%3CDATA+type%3D%22demographic%22+id%3D%2239583%22%3EPlink+Points%3C%2FDATA%3E%0A++++++++%3CDATA+type%3D%22demographic%22+id%3D%227%22%3E80204%3C%2FDATA%3E%0A++++++%3C%2FDATASET%3E
    headers:
      Accept-Encoding:
      - gzip;q=1.0,deflate;q=0.6,identity;q=0.3
      Accept:
      - "*/*"
      User-Agent:
      - Ruby
      Content-Type:
      - application/x-www-form-urlencoded
  response:
    status:
      code: 200
      message: OK
    headers:
      Date:
      - Wed, 12 Feb 2014 21:28:32 GMT
      Server:
      - Apache
      Content-Length:
      - '107'
      Connection:
      - close
      Content-Type:
      - text/xml
      Set-Cookie:
      - SRV=2|Uvvng; path=/
    body:
      encoding: UTF-8
      string: |
        <?xml version="1.0" encoding="iso-8859-1"?>
        <DATASET><TYPE>success</TYPE><DATA>e6a7d520f1</DATA></DATASET>
    http_version: 
  recorded_at: Wed, 12 Feb 2014 21:28:32 GMT
- request:
    method: post
    uri: https://secure.elabs10.com/API/mailing_list.html?activity=update&type=record
    body:
      encoding: US-ASCII
      string: input=%3CDATASET%3E%0A++++++++%3CSITE_ID%3E2010000797%3C%2FSITE_ID%3E%0A++++++++%3CDATA+type%3D%22extra%22+id%3D%22password%22%3El3tm31n%21%3C%2FDATA%3E%0A++++++++%3CMLID%3E247378%3C%2FMLID%3E%0A++++++++%3CDATA+type%3D%22email%22%3Eautomated-1392240512%40testing.com%3C%2FDATA%3E%0A++++++++%3CDATA+type%3D%22extra%22+id%3D%22state%22%3Eactive%3C%2FDATA%3E%0A++++++++%3CDATA+type%3D%22demographic%22+id%3D%2257722%22%3Eon%3C%2FDATA%3E%0A++++++++%3CDATA+type%3D%22demographic%22+id%3D%2257720%22%3E02%2F12%2F2004%3C%2FDATA%3E%0A++++++++%3CDATA+type%3D%22demographic%22+id%3D%221%22%3Etoby%3C%2FDATA%3E%0A++++++++%3CDATA+type%3D%22demographic%22+id%3D%2211%22%3EMale%3C%2FDATA%3E%0A++++++++%3CDATA+type%3D%22demographic%22+id%3D%2261623%22%3Eon%3C%2FDATA%3E%0A++++++++%3CDATA+type%3D%22demographic%22+id%3D%2261622%22%3Eon%3C%2FDATA%3E%0A++++++++%3CDATA+type%3D%22demographic%22+id%3D%2235743%22%3Eon%3C%2FDATA%3E%0A++++++++%3CDATA+type%3D%22demographic%22+id%3D%222%22%3Ederpston%3C%2FDATA%3E%0A++++++++%3CDATA+type%3D%22demographic%22+id%3D%2264485%22%3EHASHYAWESOMEDEPRIN%3C%2FDATA%3E%0A++++++++%3CDATA+type%3D%22demographic%22+id%3D%2257721%22%3E2%3C%2FDATA%3E%0A++++++++%3CDATA+type%3D%22demographic%22+id%3D%2257728%22%3E02%2F11%2F2014%3C%2FDATA%3E%0A++++++++%3CDATA+type%3D%22demographic%22+id%3D%226%22%3ECO%3C%2FDATA%3E%0A++++++++%3CDATA+type%3D%22demographic%22+id%3D%2235630%22%3E382%3C%2FDATA%3E%0A++++++++%3CDATA+type%3D%22demographic%22+id%3D%2261695%22%3E2%3C%2FDATA%3E%0A++++++++%3CDATA+type%3D%22demographic%22+id%3D%2239583%22%3EPlink+Points%3C%2FDATA%3E%0A++++++++%3CDATA+type%3D%22demographic%22+id%3D%227%22%3E80204%3C%2FDATA%3E%0A++++++%3C%2FDATASET%3E
    headers:
      Accept-Encoding:
      - gzip;q=1.0,deflate;q=0.6,identity;q=0.3
      Accept:
      - "*/*"
      User-Agent:
      - Ruby
      Content-Type:
      - application/x-www-form-urlencoded
  response:
    status:
      code: 200
      message: OK
    headers:
      Date:
      - Wed, 12 Feb 2014 21:28:32 GMT
      Server:
      - Apache
      Content-Length:
      - '107'
      Connection:
      - close
      Content-Type:
      - text/xml
      Set-Cookie:
      - SRV=1|Uvvng; path=/
    body:
      encoding: UTF-8
      string: |
        <?xml version="1.0" encoding="iso-8859-1"?>
        <DATASET><TYPE>success</TYPE><DATA>e6a7d520f1</DATA></DATASET>
    http_version: 
  recorded_at: Wed, 12 Feb 2014 21:28:32 GMT
- request:
    method: post
    uri: https://secure.elabs10.com/API/mailing_list.html?activity=update&type=record
    body:
      encoding: US-ASCII
      string: input=%3CDATASET%3E%0A++++++++%3CSITE_ID%3E2010000797%3C%2FSITE_ID%3E%0A++++++++%3CDATA+type%3D%22extra%22+id%3D%22password%22%3El3tm31n%21%3C%2FDATA%3E%0A++++++++%3CMLID%3E247378%3C%2FMLID%3E%0A++++++++%3CDATA+type%3D%22email%22%3Eautomated-1392240512%40testing.com%3C%2FDATA%3E%0A++++++++%3CDATA+type%3D%22extra%22+id%3D%22new_email%22%3Eautomated-new-1392240512%40testing.com%3C%2FDATA%3E%0A++++++%3C%2FDATASET%3E
    headers:
      Accept-Encoding:
      - gzip;q=1.0,deflate;q=0.6,identity;q=0.3
      Accept:
      - "*/*"
      User-Agent:
      - Ruby
      Content-Type:
      - application/x-www-form-urlencoded
  response:
    status:
      code: 200
      message: OK
    headers:
      Date:
      - Wed, 12 Feb 2014 21:28:32 GMT
      Server:
      - Apache
      Content-Length:
      - '107'
      Connection:
      - close
      Content-Type:
      - text/xml
      Set-Cookie:
      - SRV=3|Uvvnh; path=/
    body:
      encoding: UTF-8
      string: |
        <?xml version="1.0" encoding="iso-8859-1"?>
        <DATASET><TYPE>success</TYPE><DATA>e6a7d520f1</DATA></DATASET>
    http_version: 
  recorded_at: Wed, 12 Feb 2014 21:28:33 GMT
- request:
    method: post
    uri: https://secure.elabs10.com/API/mailing_list.html?activity=update&type=record
    body:
      encoding: US-ASCII
      string: input=%3CDATASET%3E%0A++++++++%3CSITE_ID%3E2010000797%3C%2FSITE_ID%3E%0A++++++++%3CDATA+type%3D%22extra%22+id%3D%22password%22%3El3tm31n%21%3C%2FDATA%3E%0A++++++++%3CMLID%3E247378%3C%2FMLID%3E%0A++++++++%3CDATA+type%3D%22email%22%3Eautomated-new-1392240512%40testing.com%3C%2FDATA%3E%0A++++++++%3CDATA+type%3D%22extra%22+id%3D%22state%22%3Etrashed%3C%2FDATA%3E%0A++++++%3C%2FDATASET%3E
    headers:
      Accept-Encoding:
      - gzip;q=1.0,deflate;q=0.6,identity;q=0.3
      Accept:
      - "*/*"
      User-Agent:
      - Ruby
      Content-Type:
      - application/x-www-form-urlencoded
  response:
    status:
      code: 200
      message: OK
    headers:
      Date:
      - Wed, 12 Feb 2014 21:28:33 GMT
      Server:
      - Apache
      Content-Length:
      - '107'
      Connection:
      - close
      Content-Type:
      - text/xml
      Set-Cookie:
      - SRV=5|Uvvnh; path=/
    body:
      encoding: UTF-8
      string: |
        <?xml version="1.0" encoding="iso-8859-1"?>
        <DATASET><TYPE>success</TYPE><DATA>e6a7d520f1</DATA></DATASET>
    http_version: 
  recorded_at: Wed, 12 Feb 2014 21:28:33 GMT
recorded_with: VCR 2.8.0
