---
http_interactions:
- request:
    method: post
    uri: https://oauth.intuit.com/oauth/v1/get_access_token_by_saml
    body:
      encoding: US-ASCII
      string: saml_assertion=PHNhbWwyOkFzc2VydGlvbiB4bWxuczpzYW1sMj0idXJuOm9hc2lzOm5hbWVz%0AOnRjOlNBTUw6Mi4wOmFzc2VydGlvbiIgSUQ9Il85YjM0NmY4YjZkM2I0YWJi%0AYjBjNGMyYzc0Zjk1YmEyNiIgSXNzdWVJbnN0YW50PSIyMDE0LTAxLTI3VDE5%0AOjQ1OjU2LjQ0NVoiIFZlcnNpb249IjIuMCI%2BPHNhbWwyOklzc3Vlcj5wbGlu%0Aa2RldmFuZHFhZW52aXJvbm1lbnQuMzA1OTkuY2MuZGV2LWludHVpdC5pcHAu%0AcHJvZDwvc2FtbDI6SXNzdWVyPjxkczpTaWduYXR1cmUgeG1sbnM6ZHM9Imh0%0AdHA6Ly93d3cudzMub3JnLzIwMDAvMDkveG1sZHNpZyMiPjxkczpTaWduZWRJ%0AbmZvPjxkczpDYW5vbmljYWxpemF0aW9uTWV0aG9kIEFsZ29yaXRobT0iaHR0%0AcDovL3d3dy53My5vcmcvMjAwMS8xMC94bWwtZXhjLWMxNG4jIi8%2BPGRzOlNp%0AZ25hdHVyZU1ldGhvZCBBbGdvcml0aG09Imh0dHA6Ly93d3cudzMub3JnLzIw%0AMDAvMDkveG1sZHNpZyNyc2Etc2hhMSIvPjxkczpSZWZlcmVuY2UgVVJJPSIj%0AXzliMzQ2ZjhiNmQzYjRhYmJiMGM0YzJjNzRmOTViYTI2Ij48ZHM6VHJhbnNm%0Ab3Jtcz48ZHM6VHJhbnNmb3JtIEFsZ29yaXRobT0iaHR0cDovL3d3dy53My5v%0AcmcvMjAwMC8wOS94bWxkc2lnI2VudmVsb3BlZC1zaWduYXR1cmUiLz48ZHM6%0AVHJhbnNmb3JtIEFsZ29yaXRobT0iaHR0cDovL3d3dy53My5vcmcvMjAwMS8x%0AMC94bWwtZXhjLWMxNG4jIi8%2BPC9kczpUcmFuc2Zvcm1zPjxkczpEaWdlc3RN%0AZXRob2QgQWxnb3JpdGhtPSJodHRwOi8vd3d3LnczLm9yZy8yMDAwLzA5L3ht%0AbGRzaWcjc2hhMSIvPjxkczpEaWdlc3RWYWx1ZT5xaEhaUzg3emVqN3l4ZzU1%0ANXJUSFVIcGRYanM9PC9kczpEaWdlc3RWYWx1ZT48L2RzOlJlZmVyZW5jZT48%0AL2RzOlNpZ25lZEluZm8%2BPGRzOlNpZ25hdHVyZVZhbHVlPmQvT1grWUgybDdM%0AMmFpbmJBbU0rTzQrNU50TndLREJHRUt0NzJhTnZDSU5VV1MvQksycW5ZMnpI%0AWTJNU3RueXB2SzZYektIZDN1elRrdnE0ZFJ0dWlxMUVzMEFiRUlXYUNkSVl6%0AREZCa3o2WXZscCtELy8rVm9VeVJKdGMrd2RlNjFTRzBkczBia2lOajFZZTVr%0AeTJhZkw2LzU0NFE1TUZudURLRk9ZeHBPOD08L2RzOlNpZ25hdHVyZVZhbHVl%0APjwvZHM6U2lnbmF0dXJlPjxzYW1sMjpTdWJqZWN0PjxzYW1sMjpOYW1lSUQg%0ARm9ybWF0PSJ1cm46b2FzaXM6bmFtZXM6dGM6U0FNTDoxLjE6bmFtZWlkLWZv%0Acm1hdDp1bnNwZWNpZmllZCI%2BNTg5ODA8L3NhbWwyOk5hbWVJRD48c2FtbDI6%0AU3ViamVjdENvbmZpcm1hdGlvbiBNZXRob2Q9InVybjpvYXNpczpuYW1lczp0%0AYzpTQU1MOjIuMDpjbTpiZWFyZXIiPjwvc2FtbDI6U3ViamVjdENvbmZpcm1h%0AdGlvbj48L3NhbWwyOlN1YmplY3Q%2BPHNhbWwyOkNvbmRpdGlvbnMgTm90QmVm%0Ab3JlPSIyMDE0LTAxLTI3VDE5OjQwOjU2LjQ0NVoiIE5vdE9uT3JBZnRlcj0i%0AMjAxNC0wMS0yN1QxOTo1NTo1Ni40NDVaIj48c2FtbDI6QXVkaWVuY2VSZXN0%0AcmljdGlvbj48c2FtbDI6QXVkaWVuY2U%2BcGxpbmtkZXZhbmRxYWVudmlyb25t%0AZW50LjMwNTk5LmNjLmRldi1pbnR1aXQuaXBwLnByb2Q8L3NhbWwyOkF1ZGll%0AbmNlPjwvc2FtbDI6QXVkaWVuY2VSZXN0cmljdGlvbj48L3NhbWwyOkNvbmRp%0AdGlvbnM%2BPHNhbWwyOkF1dGhuU3RhdGVtZW50IEF1dGhuSW5zdGFudD0iMjAx%0ANC0wMS0yN1QxOTo0NTo1Ni40NDVaIiBTZXNzaW9uSW5kZXg9Il85YjM0NmY4%0AYjZkM2I0YWJiYjBjNGMyYzc0Zjk1YmEyNiI%2BPHNhbWwyOkF1dGhuQ29udGV4%0AdD48c2FtbDI6QXV0aG5Db250ZXh0Q2xhc3NSZWY%2BdXJuOm9hc2lzOm5hbWVz%0AOnRjOlNBTUw6Mi4wOmFjOmNsYXNzZXM6dW5zcGVjaWZpZWQ8L3NhbWwyOkF1%0AdGhuQ29udGV4dENsYXNzUmVmPjwvc2FtbDI6QXV0aG5Db250ZXh0Pjwvc2Ft%0AbDI6QXV0aG5TdGF0ZW1lbnQ%2BPC9zYW1sMjpBc3NlcnRpb24%2B%0A
    headers:
      accept-encoding:
      - gzip;q=1.0,deflate;q=0.6,identity;q=0.3
      accept:
      - "*/*"
      user-agent:
      - Ruby
      authorization:
      - OAuth oauth_consumer_key="qyprd9826q2GbgHDWGtG6mU0agp9S7"
      content-type:
      - application/x-www-form-urlencoded
  response:
    status:
      code: 200
      message: OK
    headers:
      date:
      - Mon, 27 Jan 2014 19:45:56 GMT
      server:
      - Apache
      cache-control:
      - no-cache, no-store
      pragma:
      - no-cache
      content-length:
      - '120'
      connection:
      - close
      content-type:
      - text/plain
    body:
      encoding: UTF-8
      string: oauth_token_secret=ZPb6kr8naqGm7SvIzwKVo26NHUgb78PCj4ktZwGl&oauth_token=qyprdIqYY4Nu3NKeUIGHlpWalpt2QewpMe2LgbsQIglXXbqe
    http_version: '1.1'
  recorded_at: Mon, 27 Jan 2014 19:45:57 GMT
- request:
    method: delete
    uri: https://financialdatafeed.platform.intuit.com/rest-war/v1/customers
    body:
      encoding: US-ASCII
      string: ''
    headers:
      accept-encoding:
      - gzip;q=1.0,deflate;q=0.6,identity;q=0.3
      accept:
      - "*/*"
      user-agent:
      - OAuth gem v0.4.7
      authorization:
      - OAuth oauth_consumer_key="qyprd9826q2GbgHDWGtG6mU0agp9S7", oauth_nonce="eIm7UQpQkSolohSSejbwQoAEM3kz49buA0KEtbJSfg0",
        oauth_signature="usVdMSAH3ZJyOAKr3U4IN9N7K%2Bg%3D", oauth_signature_method="HMAC-SHA1",
        oauth_timestamp="1390851957", oauth_token="qyprdIqYY4Nu3NKeUIGHlpWalpt2QewpMe2LgbsQIglXXbqe",
        oauth_version="1.0"
  response:
    status:
      code: 200
      message: OK
    headers:
      date:
      - Mon, 27 Jan 2014 19:45:58 GMT
      content-type:
      - text/plain
      content-length:
      - '0'
      intuit_tid:
      - gw-a1581309-4f0b-4239-9c05-6093c3a4fafa
      pragma:
      - no-cache
      cache-control:
      - no-cache
      expires:
      - Wed, 31 Dec 1969 16:00:00 PST
      set-cookie:
      - JSESSIONID=9CFD0BD55443AE1BB6F107D499EB2FBB.node52; Path=/rest-war
      connection:
      - close
    body:
      encoding: UTF-8
      string: ''
    http_version: '1.1'
  recorded_at: Mon, 27 Jan 2014 19:45:59 GMT
- request:
    method: post
    uri: https://oauth.intuit.com/oauth/v1/get_access_token_by_saml
    body:
      encoding: US-ASCII
      string: saml_assertion=PHNhbWwyOkFzc2VydGlvbiB4bWxuczpzYW1sMj0idXJuOm9hc2lzOm5hbWVz%0AOnRjOlNBTUw6Mi4wOmFzc2VydGlvbiIgSUQ9Il85NTc2MjViMDIzOTc0MTg0%0AOTZlMTJmYmFkMWE5NzQ5NiIgSXNzdWVJbnN0YW50PSIyMDE0LTAxLTI3VDE5%0AOjQ1OjU5Ljk4N1oiIFZlcnNpb249IjIuMCI%2BPHNhbWwyOklzc3Vlcj5wbGlu%0Aa2RldmFuZHFhZW52aXJvbm1lbnQuMzA1OTkuY2MuZGV2LWludHVpdC5pcHAu%0AcHJvZDwvc2FtbDI6SXNzdWVyPjxkczpTaWduYXR1cmUgeG1sbnM6ZHM9Imh0%0AdHA6Ly93d3cudzMub3JnLzIwMDAvMDkveG1sZHNpZyMiPjxkczpTaWduZWRJ%0AbmZvPjxkczpDYW5vbmljYWxpemF0aW9uTWV0aG9kIEFsZ29yaXRobT0iaHR0%0AcDovL3d3dy53My5vcmcvMjAwMS8xMC94bWwtZXhjLWMxNG4jIi8%2BPGRzOlNp%0AZ25hdHVyZU1ldGhvZCBBbGdvcml0aG09Imh0dHA6Ly93d3cudzMub3JnLzIw%0AMDAvMDkveG1sZHNpZyNyc2Etc2hhMSIvPjxkczpSZWZlcmVuY2UgVVJJPSIj%0AXzk1NzYyNWIwMjM5NzQxODQ5NmUxMmZiYWQxYTk3NDk2Ij48ZHM6VHJhbnNm%0Ab3Jtcz48ZHM6VHJhbnNmb3JtIEFsZ29yaXRobT0iaHR0cDovL3d3dy53My5v%0AcmcvMjAwMC8wOS94bWxkc2lnI2VudmVsb3BlZC1zaWduYXR1cmUiLz48ZHM6%0AVHJhbnNmb3JtIEFsZ29yaXRobT0iaHR0cDovL3d3dy53My5vcmcvMjAwMS8x%0AMC94bWwtZXhjLWMxNG4jIi8%2BPC9kczpUcmFuc2Zvcm1zPjxkczpEaWdlc3RN%0AZXRob2QgQWxnb3JpdGhtPSJodHRwOi8vd3d3LnczLm9yZy8yMDAwLzA5L3ht%0AbGRzaWcjc2hhMSIvPjxkczpEaWdlc3RWYWx1ZT5CNDJaK1BHOGUrb1RrM0FU%0AZ0crUWZZN1J2NmM9PC9kczpEaWdlc3RWYWx1ZT48L2RzOlJlZmVyZW5jZT48%0AL2RzOlNpZ25lZEluZm8%2BPGRzOlNpZ25hdHVyZVZhbHVlPlNmM3R4SU1TS3dE%0AcDJhRXdyYlk2aUswSTZKTEsxWlFsa2psQmRoMFZXV0VCWWpaTkJzMVNqM1F4%0ANXlFZFIxdWFLODFpbnRWcU9qV3NXTE1xbjJTMkNEcXhIVW5hakY4TS9oLzky%0AYlRmSm9JU2o1NmJ0azR1TEtFYXBmZ2pLWm9rVFlZbFArYW5MODNyVHQ1WllW%0AVEUvQ2xDR2FtOWIvaVdLSE45MVI4L3JQbz08L2RzOlNpZ25hdHVyZVZhbHVl%0APjwvZHM6U2lnbmF0dXJlPjxzYW1sMjpTdWJqZWN0PjxzYW1sMjpOYW1lSUQg%0ARm9ybWF0PSJ1cm46b2FzaXM6bmFtZXM6dGM6U0FNTDoxLjE6bmFtZWlkLWZv%0Acm1hdDp1bnNwZWNpZmllZCI%2BNTg5ODE8L3NhbWwyOk5hbWVJRD48c2FtbDI6%0AU3ViamVjdENvbmZpcm1hdGlvbiBNZXRob2Q9InVybjpvYXNpczpuYW1lczp0%0AYzpTQU1MOjIuMDpjbTpiZWFyZXIiPjwvc2FtbDI6U3ViamVjdENvbmZpcm1h%0AdGlvbj48L3NhbWwyOlN1YmplY3Q%2BPHNhbWwyOkNvbmRpdGlvbnMgTm90QmVm%0Ab3JlPSIyMDE0LTAxLTI3VDE5OjQwOjU5Ljk4N1oiIE5vdE9uT3JBZnRlcj0i%0AMjAxNC0wMS0yN1QxOTo1NTo1OS45ODdaIj48c2FtbDI6QXVkaWVuY2VSZXN0%0AcmljdGlvbj48c2FtbDI6QXVkaWVuY2U%2BcGxpbmtkZXZhbmRxYWVudmlyb25t%0AZW50LjMwNTk5LmNjLmRldi1pbnR1aXQuaXBwLnByb2Q8L3NhbWwyOkF1ZGll%0AbmNlPjwvc2FtbDI6QXVkaWVuY2VSZXN0cmljdGlvbj48L3NhbWwyOkNvbmRp%0AdGlvbnM%2BPHNhbWwyOkF1dGhuU3RhdGVtZW50IEF1dGhuSW5zdGFudD0iMjAx%0ANC0wMS0yN1QxOTo0NTo1OS45ODdaIiBTZXNzaW9uSW5kZXg9Il85NTc2MjVi%0AMDIzOTc0MTg0OTZlMTJmYmFkMWE5NzQ5NiI%2BPHNhbWwyOkF1dGhuQ29udGV4%0AdD48c2FtbDI6QXV0aG5Db250ZXh0Q2xhc3NSZWY%2BdXJuOm9hc2lzOm5hbWVz%0AOnRjOlNBTUw6Mi4wOmFjOmNsYXNzZXM6dW5zcGVjaWZpZWQ8L3NhbWwyOkF1%0AdGhuQ29udGV4dENsYXNzUmVmPjwvc2FtbDI6QXV0aG5Db250ZXh0Pjwvc2Ft%0AbDI6QXV0aG5TdGF0ZW1lbnQ%2BPC9zYW1sMjpBc3NlcnRpb24%2B%0A
    headers:
      accept-encoding:
      - gzip;q=1.0,deflate;q=0.6,identity;q=0.3
      accept:
      - "*/*"
      user-agent:
      - Ruby
      authorization:
      - OAuth oauth_consumer_key="qyprd9826q2GbgHDWGtG6mU0agp9S7"
      content-type:
      - application/x-www-form-urlencoded
  response:
    status:
      code: 200
      message: OK
    headers:
      date:
      - Mon, 27 Jan 2014 19:46:00 GMT
      server:
      - Apache
      cache-control:
      - no-cache, no-store
      pragma:
      - no-cache
      content-length:
      - '120'
      connection:
      - close
      content-type:
      - text/plain
    body:
      encoding: UTF-8
      string: oauth_token_secret=jqxDQFDZ96HBGTXEwOuMLNpUcJXaoUdOOupWU9CR&oauth_token=qyprdYvLPVcTKwwV9iyurNV9zFZPHDc4PNZHxCCzSq9Q1CTu
    http_version: '1.1'
  recorded_at: Mon, 27 Jan 2014 19:46:01 GMT
- request:
    method: delete
    uri: https://financialdatafeed.platform.intuit.com/rest-war/v1/customers
    body:
      encoding: US-ASCII
      string: ''
    headers:
      accept-encoding:
      - gzip;q=1.0,deflate;q=0.6,identity;q=0.3
      accept:
      - "*/*"
      user-agent:
      - OAuth gem v0.4.7
      authorization:
      - OAuth oauth_consumer_key="qyprd9826q2GbgHDWGtG6mU0agp9S7", oauth_nonce="cCGM6JpdcVe7T3p6YfZ8tS27cHX6fEuJk7vJ10zTY",
        oauth_signature="PfMyU2RnZyUieSWk%2Fr%2FTXRpfHIw%3D", oauth_signature_method="HMAC-SHA1",
        oauth_timestamp="1390851961", oauth_token="qyprdYvLPVcTKwwV9iyurNV9zFZPHDc4PNZHxCCzSq9Q1CTu",
        oauth_version="1.0"
  response:
    status:
      code: 200
      message: OK
    headers:
      date:
      - Mon, 27 Jan 2014 19:46:01 GMT
      content-type:
      - text/plain
      content-length:
      - '0'
      intuit_tid:
      - gw-2aed39d7-30fd-4d0e-bf00-3565c2a3901b
      pragma:
      - no-cache
      cache-control:
      - no-cache
      expires:
      - Wed, 31 Dec 1969 16:00:00 PST
      set-cookie:
      - JSESSIONID=C9A24D92EF9E27494B2577B89D1379BE.node51; Path=/rest-war
      connection:
      - close
    body:
      encoding: UTF-8
      string: ''
    http_version: '1.1'
  recorded_at: Mon, 27 Jan 2014 19:46:01 GMT
- request:
    method: post
    uri: https://oauth.intuit.com/oauth/v1/get_access_token_by_saml
    body:
      encoding: US-ASCII
      string: saml_assertion=PHNhbWwyOkFzc2VydGlvbiB4bWxuczpzYW1sMj0idXJuOm9hc2lzOm5hbWVz%0AOnRjOlNBTUw6Mi4wOmFzc2VydGlvbiIgSUQ9Il8yYWNlYWM3ZTQzZDE0YTI0%0AYWIyNzdlODhhZjkyNDNhYyIgSXNzdWVJbnN0YW50PSIyMDE0LTAxLTI3VDE5%0AOjQ2OjAxLjQ3MVoiIFZlcnNpb249IjIuMCI%2BPHNhbWwyOklzc3Vlcj5wbGlu%0Aa2RldmFuZHFhZW52aXJvbm1lbnQuMzA1OTkuY2MuZGV2LWludHVpdC5pcHAu%0AcHJvZDwvc2FtbDI6SXNzdWVyPjxkczpTaWduYXR1cmUgeG1sbnM6ZHM9Imh0%0AdHA6Ly93d3cudzMub3JnLzIwMDAvMDkveG1sZHNpZyMiPjxkczpTaWduZWRJ%0AbmZvPjxkczpDYW5vbmljYWxpemF0aW9uTWV0aG9kIEFsZ29yaXRobT0iaHR0%0AcDovL3d3dy53My5vcmcvMjAwMS8xMC94bWwtZXhjLWMxNG4jIi8%2BPGRzOlNp%0AZ25hdHVyZU1ldGhvZCBBbGdvcml0aG09Imh0dHA6Ly93d3cudzMub3JnLzIw%0AMDAvMDkveG1sZHNpZyNyc2Etc2hhMSIvPjxkczpSZWZlcmVuY2UgVVJJPSIj%0AXzJhY2VhYzdlNDNkMTRhMjRhYjI3N2U4OGFmOTI0M2FjIj48ZHM6VHJhbnNm%0Ab3Jtcz48ZHM6VHJhbnNmb3JtIEFsZ29yaXRobT0iaHR0cDovL3d3dy53My5v%0AcmcvMjAwMC8wOS94bWxkc2lnI2VudmVsb3BlZC1zaWduYXR1cmUiLz48ZHM6%0AVHJhbnNmb3JtIEFsZ29yaXRobT0iaHR0cDovL3d3dy53My5vcmcvMjAwMS8x%0AMC94bWwtZXhjLWMxNG4jIi8%2BPC9kczpUcmFuc2Zvcm1zPjxkczpEaWdlc3RN%0AZXRob2QgQWxnb3JpdGhtPSJodHRwOi8vd3d3LnczLm9yZy8yMDAwLzA5L3ht%0AbGRzaWcjc2hhMSIvPjxkczpEaWdlc3RWYWx1ZT5SdXlMeThNMld6eFhaSkdw%0ARFVlOTRzMWsyKzQ9PC9kczpEaWdlc3RWYWx1ZT48L2RzOlJlZmVyZW5jZT48%0AL2RzOlNpZ25lZEluZm8%2BPGRzOlNpZ25hdHVyZVZhbHVlPnJaV3JxcWV2K1p6%0ANVk3UmgzcFNZeGRqdVRxVW5QN2dVU2IwZHVreGQ3QTRFaVdWVVN6R25yaUdO%0AeUJIK0VPNzZmT2VDL0MrQ3RqVWNOR1cyT2FSZjluRVpNMUUrNndKYzgrbThW%0ANlhkVHArakkwdHVnaWEzSHN2N2ZIbUdBbUlIL0lwajFmQ1hISTdHbk4yb291%0AV3pEZlhvL2lSM29vU2FCNGlVc3NhdmYrYz08L2RzOlNpZ25hdHVyZVZhbHVl%0APjwvZHM6U2lnbmF0dXJlPjxzYW1sMjpTdWJqZWN0PjxzYW1sMjpOYW1lSUQg%0ARm9ybWF0PSJ1cm46b2FzaXM6bmFtZXM6dGM6U0FNTDoxLjE6bmFtZWlkLWZv%0Acm1hdDp1bnNwZWNpZmllZCI%2BNTg5ODI8L3NhbWwyOk5hbWVJRD48c2FtbDI6%0AU3ViamVjdENvbmZpcm1hdGlvbiBNZXRob2Q9InVybjpvYXNpczpuYW1lczp0%0AYzpTQU1MOjIuMDpjbTpiZWFyZXIiPjwvc2FtbDI6U3ViamVjdENvbmZpcm1h%0AdGlvbj48L3NhbWwyOlN1YmplY3Q%2BPHNhbWwyOkNvbmRpdGlvbnMgTm90QmVm%0Ab3JlPSIyMDE0LTAxLTI3VDE5OjQxOjAxLjQ3MVoiIE5vdE9uT3JBZnRlcj0i%0AMjAxNC0wMS0yN1QxOTo1NjowMS40NzFaIj48c2FtbDI6QXVkaWVuY2VSZXN0%0AcmljdGlvbj48c2FtbDI6QXVkaWVuY2U%2BcGxpbmtkZXZhbmRxYWVudmlyb25t%0AZW50LjMwNTk5LmNjLmRldi1pbnR1aXQuaXBwLnByb2Q8L3NhbWwyOkF1ZGll%0AbmNlPjwvc2FtbDI6QXVkaWVuY2VSZXN0cmljdGlvbj48L3NhbWwyOkNvbmRp%0AdGlvbnM%2BPHNhbWwyOkF1dGhuU3RhdGVtZW50IEF1dGhuSW5zdGFudD0iMjAx%0ANC0wMS0yN1QxOTo0NjowMS40NzFaIiBTZXNzaW9uSW5kZXg9Il8yYWNlYWM3%0AZTQzZDE0YTI0YWIyNzdlODhhZjkyNDNhYyI%2BPHNhbWwyOkF1dGhuQ29udGV4%0AdD48c2FtbDI6QXV0aG5Db250ZXh0Q2xhc3NSZWY%2BdXJuOm9hc2lzOm5hbWVz%0AOnRjOlNBTUw6Mi4wOmFjOmNsYXNzZXM6dW5zcGVjaWZpZWQ8L3NhbWwyOkF1%0AdGhuQ29udGV4dENsYXNzUmVmPjwvc2FtbDI6QXV0aG5Db250ZXh0Pjwvc2Ft%0AbDI6QXV0aG5TdGF0ZW1lbnQ%2BPC9zYW1sMjpBc3NlcnRpb24%2B%0A
    headers:
      accept-encoding:
      - gzip;q=1.0,deflate;q=0.6,identity;q=0.3
      accept:
      - "*/*"
      user-agent:
      - Ruby
      authorization:
      - OAuth oauth_consumer_key="qyprd9826q2GbgHDWGtG6mU0agp9S7"
      content-type:
      - application/x-www-form-urlencoded
  response:
    status:
      code: 200
      message: OK
    headers:
      date:
      - Mon, 27 Jan 2014 19:46:01 GMT
      server:
      - Apache
      cache-control:
      - no-cache, no-store
      pragma:
      - no-cache
      content-length:
      - '120'
      connection:
      - close
      content-type:
      - text/plain
    body:
      encoding: UTF-8
      string: oauth_token_secret=RtiYo61VmzJmxdwUqZkVLzTj0U8yM10Azl614PU8&oauth_token=qyprdAwne4BKD8ZmKte9OtU0QjS0lto8sNgInIAVTzHOEBKr
    http_version: '1.1'
  recorded_at: Mon, 27 Jan 2014 19:46:02 GMT
- request:
    method: delete
    uri: https://financialdatafeed.platform.intuit.com/rest-war/v1/customers
    body:
      encoding: US-ASCII
      string: ''
    headers:
      accept-encoding:
      - gzip;q=1.0,deflate;q=0.6,identity;q=0.3
      accept:
      - "*/*"
      user-agent:
      - OAuth gem v0.4.7
      authorization:
      - OAuth oauth_consumer_key="qyprd9826q2GbgHDWGtG6mU0agp9S7", oauth_nonce="8dnhb6ZOvJtwvxnnD27JpKJKvdv5JdjyNCQFoXyoEM",
        oauth_signature="aeOl4lvQsl7EemZMIuZy4UgP1QY%3D", oauth_signature_method="HMAC-SHA1",
        oauth_timestamp="1390851962", oauth_token="qyprdAwne4BKD8ZmKte9OtU0QjS0lto8sNgInIAVTzHOEBKr",
        oauth_version="1.0"
  response:
    status:
      code: 200
      message: OK
    headers:
      date:
      - Mon, 27 Jan 2014 19:46:05 GMT
      intuit_tid:
      - gw-78c898a4-f793-40f3-9f47-fa92010d91c2
      pragma:
      - no-cache
      content-type:
      - text/plain
      content-length:
      - '0'
      cache-control:
      - no-cache
      expires:
      - Wed, 31 Dec 1969 16:00:00 PST
      set-cookie:
      - JSESSIONID=518AA744ED06532BA4DC72DBBB4CB3EE.node52; Path=/rest-war
      connection:
      - close
    body:
      encoding: UTF-8
      string: ''
    http_version: '1.1'
  recorded_at: Mon, 27 Jan 2014 19:46:06 GMT
recorded_with: VCR 2.8.0
