---
http_interactions:
- request:
    method: get
    uri: http://www.telize.com/geoip/127.0.0.1
    body:
      encoding: US-ASCII
      string: ''
    headers:
      accept-encoding:
      - gzip;q=1.0,deflate;q=0.6,identity;q=0.3
      accept:
      - "*/*"
      user-agent:
      - Ruby
  response:
    status:
      code: 400
      message: Bad Request
    headers:
      server:
      - nginx
      date:
      - Mon, 27 Jan 2014 19:39:40 GMT
      content-type:
      - application/json; charset=iso-8859-1
      content-length:
      - '64'
      connection:
      - close
    body:
      encoding: UTF-8
      string: |
        {"message":"Input string is not a valid IP address","code":401}
    http_version: '1.1'
  recorded_at: Mon, 27 Jan 2014 19:39:41 GMT
- request:
    method: post
    uri: https://secure.elabs10.com/API/mailing_list.html?type=record&activity=add
    body:
      encoding: US-ASCII
      string: input=%3CDATASET%3E%0A++++++++%3CSITE_ID%3E2010000797%3C%2FSITE_ID%3E%0A++++++++%3CDATA+type%3D%22extra%22+id%3D%22password%22%3El3tm31n%21%3C%2FDATA%3E%0A++++++++%3CMLID%3E247378%3C%2FMLID%3E%0A++++++++%3CDATA+type%3D%22email%22%3Efurd%40example.com%3C%2FDATA%3E%0A++++++++%3CDATA+type%3D%22extra%22+id%3D%22state%22%3Eactive%3C%2FDATA%3E%0A++++++++%3CDATA+type%3D%22demographic%22+id%3D%2257722%22%3Eoff%3C%2FDATA%3E%0A++++++++%3CDATA+type%3D%22demographic%22+id%3D%2257720%22%3E%3C%2FDATA%3E%0A++++++++%3CDATA+type%3D%22demographic%22+id%3D%221%22%3EFrud%3C%2FDATA%3E%0A++++++++%3CDATA+type%3D%22demographic%22+id%3D%2211%22%3E%3C%2FDATA%3E%0A++++++++%3CDATA+type%3D%22demographic%22+id%3D%2261623%22%3Eoff%3C%2FDATA%3E%0A++++++++%3CDATA+type%3D%22demographic%22+id%3D%2261622%22%3Eoff%3C%2FDATA%3E%0A++++++++%3CDATA+type%3D%22demographic%22+id%3D%2235743%22%3Eon%3C%2FDATA%3E%0A++++++++%3CDATA+type%3D%22demographic%22+id%3D%222%22%3E%3C%2FDATA%3E%0A++++++++%3CDATA+type%3D%22demographic%22+id%3D%2264485%22%3EE8782FE98D98B16529E5F8EB6CBB55A52EE27297CEE1243E748264D989DC4F8F%3C%2FDATA%3E%0A++++++++%3CDATA+type%3D%22demographic%22+id%3D%2257721%22%3E1432%3C%2FDATA%3E%0A++++++++%3CDATA+type%3D%22demographic%22+id%3D%2257728%22%3E01%2F27%2F2014%3C%2FDATA%3E%0A++++++++%3CDATA+type%3D%22demographic%22+id%3D%226%22%3E%3C%2FDATA%3E%0A++++++++%3CDATA+type%3D%22demographic%22+id%3D%2235630%22%3E1712%3C%2FDATA%3E%0A++++++++%3CDATA+type%3D%22demographic%22+id%3D%2261695%22%3E2%3C%2FDATA%3E%0A++++++++%3CDATA+type%3D%22demographic%22+id%3D%2239583%22%3EPlink+points%3C%2FDATA%3E%0A++++++++%3CDATA+type%3D%22demographic%22+id%3D%227%22%3E%3C%2FDATA%3E%0A++++++%3C%2FDATASET%3E
    headers:
      accept-encoding:
      - gzip;q=1.0,deflate;q=0.6,identity;q=0.3
      accept:
      - "*/*"
      user-agent:
      - Ruby
      content-type:
      - application/x-www-form-urlencoded
  response:
    status:
      code: 200
      message: OK
    headers:
      date:
      - Mon, 27 Jan 2014 19:39:41 GMT
      server:
      - Apache
      content-length:
      - '123'
      connection:
      - close
      content-type:
      - text/xml
      set-cookie:
      - SRV=4|Uua2A; path=/
    body:
      encoding: UTF-8
      string: |
        <?xml version="1.0" encoding="iso-8859-1"?>
        <DATASET><TYPE>error</TYPE><DATA>Email address already exists</DATA></DATASET>
    http_version: '1.1'
  recorded_at: Mon, 27 Jan 2014 19:39:42 GMT
- request:
    method: post
    uri: https://oauth.intuit.com/oauth/v1/get_access_token_by_saml
    body:
      encoding: US-ASCII
      string: saml_assertion=PHNhbWwyOkFzc2VydGlvbiB4bWxuczpzYW1sMj0idXJuOm9hc2lzOm5hbWVz%0AOnRjOlNBTUw6Mi4wOmFzc2VydGlvbiIgSUQ9Il80ZDU5NjExZmJmNjA0OTEx%0AYThmYTg3MzdhMWU1ODkyMyIgSXNzdWVJbnN0YW50PSIyMDE0LTAxLTI3VDE5%0AOjM5OjQzLjQ0OFoiIFZlcnNpb249IjIuMCI%2BPHNhbWwyOklzc3Vlcj5wbGlu%0Aa2RldmFuZHFhZW52aXJvbm1lbnQuMzA1OTkuY2MuZGV2LWludHVpdC5pcHAu%0AcHJvZDwvc2FtbDI6SXNzdWVyPjxkczpTaWduYXR1cmUgeG1sbnM6ZHM9Imh0%0AdHA6Ly93d3cudzMub3JnLzIwMDAvMDkveG1sZHNpZyMiPjxkczpTaWduZWRJ%0AbmZvPjxkczpDYW5vbmljYWxpemF0aW9uTWV0aG9kIEFsZ29yaXRobT0iaHR0%0AcDovL3d3dy53My5vcmcvMjAwMS8xMC94bWwtZXhjLWMxNG4jIi8%2BPGRzOlNp%0AZ25hdHVyZU1ldGhvZCBBbGdvcml0aG09Imh0dHA6Ly93d3cudzMub3JnLzIw%0AMDAvMDkveG1sZHNpZyNyc2Etc2hhMSIvPjxkczpSZWZlcmVuY2UgVVJJPSIj%0AXzRkNTk2MTFmYmY2MDQ5MTFhOGZhODczN2ExZTU4OTIzIj48ZHM6VHJhbnNm%0Ab3Jtcz48ZHM6VHJhbnNmb3JtIEFsZ29yaXRobT0iaHR0cDovL3d3dy53My5v%0AcmcvMjAwMC8wOS94bWxkc2lnI2VudmVsb3BlZC1zaWduYXR1cmUiLz48ZHM6%0AVHJhbnNmb3JtIEFsZ29yaXRobT0iaHR0cDovL3d3dy53My5vcmcvMjAwMS8x%0AMC94bWwtZXhjLWMxNG4jIi8%2BPC9kczpUcmFuc2Zvcm1zPjxkczpEaWdlc3RN%0AZXRob2QgQWxnb3JpdGhtPSJodHRwOi8vd3d3LnczLm9yZy8yMDAwLzA5L3ht%0AbGRzaWcjc2hhMSIvPjxkczpEaWdlc3RWYWx1ZT41WXJDMC9SakZlN1YySk5S%0ARjdjbXdFdkJ5Wkk9PC9kczpEaWdlc3RWYWx1ZT48L2RzOlJlZmVyZW5jZT48%0AL2RzOlNpZ25lZEluZm8%2BPGRzOlNpZ25hdHVyZVZhbHVlPmY1OTdyZHIrN1NN%0AM20wcWNGVm1YdFY2cm9MamVEeXJEd1ROQmM5MG8wMkV6b3R3T05OSWFyclhs%0ASkRTOHJtcmdRVUZqQ1hGTFBMMmRYYllKaUoreURPb2JkcTlIQmVSWUw0OVZO%0AbjFkMUhMMVNHVW9HQ2Q0Z0dVakFySzluSzdHdG44NWZtVTFwU3pNOHJ1eTdW%0AZTYyRjFlcjBVdEk4UmJOellUald0NTEyWT08L2RzOlNpZ25hdHVyZVZhbHVl%0APjwvZHM6U2lnbmF0dXJlPjxzYW1sMjpTdWJqZWN0PjxzYW1sMjpOYW1lSUQg%0ARm9ybWF0PSJ1cm46b2FzaXM6bmFtZXM6dGM6U0FNTDoxLjE6bmFtZWlkLWZv%0Acm1hdDp1bnNwZWNpZmllZCI%2BMTcxMTwvc2FtbDI6TmFtZUlEPjxzYW1sMjpT%0AdWJqZWN0Q29uZmlybWF0aW9uIE1ldGhvZD0idXJuOm9hc2lzOm5hbWVzOnRj%0AOlNBTUw6Mi4wOmNtOmJlYXJlciI%2BPC9zYW1sMjpTdWJqZWN0Q29uZmlybWF0%0AaW9uPjwvc2FtbDI6U3ViamVjdD48c2FtbDI6Q29uZGl0aW9ucyBOb3RCZWZv%0AcmU9IjIwMTQtMDEtMjdUMTk6MzQ6NDMuNDQ4WiIgTm90T25PckFmdGVyPSIy%0AMDE0LTAxLTI3VDE5OjQ5OjQzLjQ0OFoiPjxzYW1sMjpBdWRpZW5jZVJlc3Ry%0AaWN0aW9uPjxzYW1sMjpBdWRpZW5jZT5wbGlua2RldmFuZHFhZW52aXJvbm1l%0AbnQuMzA1OTkuY2MuZGV2LWludHVpdC5pcHAucHJvZDwvc2FtbDI6QXVkaWVu%0AY2U%2BPC9zYW1sMjpBdWRpZW5jZVJlc3RyaWN0aW9uPjwvc2FtbDI6Q29uZGl0%0AaW9ucz48c2FtbDI6QXV0aG5TdGF0ZW1lbnQgQXV0aG5JbnN0YW50PSIyMDE0%0ALTAxLTI3VDE5OjM5OjQzLjQ0OFoiIFNlc3Npb25JbmRleD0iXzRkNTk2MTFm%0AYmY2MDQ5MTFhOGZhODczN2ExZTU4OTIzIj48c2FtbDI6QXV0aG5Db250ZXh0%0APjxzYW1sMjpBdXRobkNvbnRleHRDbGFzc1JlZj51cm46b2FzaXM6bmFtZXM6%0AdGM6U0FNTDoyLjA6YWM6Y2xhc3Nlczp1bnNwZWNpZmllZDwvc2FtbDI6QXV0%0AaG5Db250ZXh0Q2xhc3NSZWY%2BPC9zYW1sMjpBdXRobkNvbnRleHQ%2BPC9zYW1s%0AMjpBdXRoblN0YXRlbWVudD48L3NhbWwyOkFzc2VydGlvbj4%3D%0A
    headers:
      accept-encoding:
      - gzip;q=1.0,deflate;q=0.6,identity;q=0.3
      accept:
      - "*/*"
      user-agent:
      - Ruby
      authorization:
      - OAuth oauth_consumer_key="qyprd9826q2GbgHDWGtG6mU0agp9S7"
      content-type:
      - application/x-www-form-urlencoded
  response:
    status:
      code: 200
      message: OK
    headers:
      date:
      - Mon, 27 Jan 2014 19:39:43 GMT
      server:
      - Apache
      cache-control:
      - no-cache, no-store
      pragma:
      - no-cache
      content-length:
      - '120'
      connection:
      - close
      content-type:
      - text/plain
    body:
      encoding: UTF-8
      string: oauth_token_secret=kdldgzYduLpuJcJWR4ebPHoYPWZuBiT8m4rZdz7p&oauth_token=qyprdNSE3FVtDg13eQoT4RDU83bG60GmHAsHZU0bYk97esg6
    http_version: '1.1'
  recorded_at: Mon, 27 Jan 2014 19:39:44 GMT
- request:
    method: delete
    uri: https://financialdatafeed.platform.intuit.com/rest-war/v1/customers
    body:
      encoding: US-ASCII
      string: ''
    headers:
      accept-encoding:
      - gzip;q=1.0,deflate;q=0.6,identity;q=0.3
      accept:
      - "*/*"
      user-agent:
      - OAuth gem v0.4.7
      authorization:
      - OAuth oauth_consumer_key="qyprd9826q2GbgHDWGtG6mU0agp9S7", oauth_nonce="ZkTjL04xWicUTceAQYRnQGb27898nmqMHWXZV7BHVvU",
        oauth_signature="FEZx0236T6yGdMAU7Jfn8%2FDTIi8%3D", oauth_signature_method="HMAC-SHA1",
        oauth_timestamp="1390851584", oauth_token="qyprdNSE3FVtDg13eQoT4RDU83bG60GmHAsHZU0bYk97esg6",
        oauth_version="1.0"
  response:
    status:
      code: 200
      message: OK
    headers:
      date:
      - Mon, 27 Jan 2014 19:39:44 GMT
      intuit_tid:
      - gw-be0b87ad-4374-405f-8c63-b3b5df40e425
      pragma:
      - no-cache
      content-type:
      - text/plain
      content-length:
      - '0'
      cache-control:
      - no-cache
      expires:
      - Wed, 31 Dec 1969 16:00:00 PST
      set-cookie:
      - JSESSIONID=D67A5A0D71295F3CF1F3CE8FEAA230EA.node49; Path=/rest-war
      connection:
      - close
    body:
      encoding: UTF-8
      string: ''
    http_version: '1.1'
  recorded_at: Mon, 27 Jan 2014 19:39:45 GMT
- request:
    method: post
    uri: https://oauth.intuit.com/oauth/v1/get_access_token_by_saml
    body:
      encoding: US-ASCII
      string: saml_assertion=PHNhbWwyOkFzc2VydGlvbiB4bWxuczpzYW1sMj0idXJuOm9hc2lzOm5hbWVz%0AOnRjOlNBTUw6Mi4wOmFzc2VydGlvbiIgSUQ9Il9hOTFmNmU4NTQxYTc0ZWM5%0AYjMwZTQ0MDY3NTE5ODI1MyIgSXNzdWVJbnN0YW50PSIyMDE0LTAxLTI3VDE5%0AOjM5OjQ1LjA5MloiIFZlcnNpb249IjIuMCI%2BPHNhbWwyOklzc3Vlcj5wbGlu%0Aa2RldmFuZHFhZW52aXJvbm1lbnQuMzA1OTkuY2MuZGV2LWludHVpdC5pcHAu%0AcHJvZDwvc2FtbDI6SXNzdWVyPjxkczpTaWduYXR1cmUgeG1sbnM6ZHM9Imh0%0AdHA6Ly93d3cudzMub3JnLzIwMDAvMDkveG1sZHNpZyMiPjxkczpTaWduZWRJ%0AbmZvPjxkczpDYW5vbmljYWxpemF0aW9uTWV0aG9kIEFsZ29yaXRobT0iaHR0%0AcDovL3d3dy53My5vcmcvMjAwMS8xMC94bWwtZXhjLWMxNG4jIi8%2BPGRzOlNp%0AZ25hdHVyZU1ldGhvZCBBbGdvcml0aG09Imh0dHA6Ly93d3cudzMub3JnLzIw%0AMDAvMDkveG1sZHNpZyNyc2Etc2hhMSIvPjxkczpSZWZlcmVuY2UgVVJJPSIj%0AX2E5MWY2ZTg1NDFhNzRlYzliMzBlNDQwNjc1MTk4MjUzIj48ZHM6VHJhbnNm%0Ab3Jtcz48ZHM6VHJhbnNmb3JtIEFsZ29yaXRobT0iaHR0cDovL3d3dy53My5v%0AcmcvMjAwMC8wOS94bWxkc2lnI2VudmVsb3BlZC1zaWduYXR1cmUiLz48ZHM6%0AVHJhbnNmb3JtIEFsZ29yaXRobT0iaHR0cDovL3d3dy53My5vcmcvMjAwMS8x%0AMC94bWwtZXhjLWMxNG4jIi8%2BPC9kczpUcmFuc2Zvcm1zPjxkczpEaWdlc3RN%0AZXRob2QgQWxnb3JpdGhtPSJodHRwOi8vd3d3LnczLm9yZy8yMDAwLzA5L3ht%0AbGRzaWcjc2hhMSIvPjxkczpEaWdlc3RWYWx1ZT5PenFuNFlQSjE5RWp1ZWc1%0AWTMzMG5QQk5zYm89PC9kczpEaWdlc3RWYWx1ZT48L2RzOlJlZmVyZW5jZT48%0AL2RzOlNpZ25lZEluZm8%2BPGRzOlNpZ25hdHVyZVZhbHVlPk1udDczeTRsRmRu%0AZjFFQ2VGaWVDMnAza2ZSc2VHNjVqOXBmTkxVaWlONDlMUjBpaXVSLzNyZTNo%0Ad0luVjc2SmFhT0hHb0czRXllRGRUUm84K2lNT2tvR1g2RHBjZ0V5MDVqSHJT%0AWmtna1kvNUpxN0s4bzg3UVhJK0Y3ZVFNQUMvczd5di90WGRIaUFrTEs2Q3FW%0ARDRlZjNHQlRibGNQcXpSZHFzaTlJanA1OD08L2RzOlNpZ25hdHVyZVZhbHVl%0APjwvZHM6U2lnbmF0dXJlPjxzYW1sMjpTdWJqZWN0PjxzYW1sMjpOYW1lSUQg%0ARm9ybWF0PSJ1cm46b2FzaXM6bmFtZXM6dGM6U0FNTDoxLjE6bmFtZWlkLWZv%0Acm1hdDp1bnNwZWNpZmllZCI%2BMTcxMjwvc2FtbDI6TmFtZUlEPjxzYW1sMjpT%0AdWJqZWN0Q29uZmlybWF0aW9uIE1ldGhvZD0idXJuOm9hc2lzOm5hbWVzOnRj%0AOlNBTUw6Mi4wOmNtOmJlYXJlciI%2BPC9zYW1sMjpTdWJqZWN0Q29uZmlybWF0%0AaW9uPjwvc2FtbDI6U3ViamVjdD48c2FtbDI6Q29uZGl0aW9ucyBOb3RCZWZv%0AcmU9IjIwMTQtMDEtMjdUMTk6MzQ6NDUuMDkyWiIgTm90T25PckFmdGVyPSIy%0AMDE0LTAxLTI3VDE5OjQ5OjQ1LjA5MloiPjxzYW1sMjpBdWRpZW5jZVJlc3Ry%0AaWN0aW9uPjxzYW1sMjpBdWRpZW5jZT5wbGlua2RldmFuZHFhZW52aXJvbm1l%0AbnQuMzA1OTkuY2MuZGV2LWludHVpdC5pcHAucHJvZDwvc2FtbDI6QXVkaWVu%0AY2U%2BPC9zYW1sMjpBdWRpZW5jZVJlc3RyaWN0aW9uPjwvc2FtbDI6Q29uZGl0%0AaW9ucz48c2FtbDI6QXV0aG5TdGF0ZW1lbnQgQXV0aG5JbnN0YW50PSIyMDE0%0ALTAxLTI3VDE5OjM5OjQ1LjA5MloiIFNlc3Npb25JbmRleD0iX2E5MWY2ZTg1%0ANDFhNzRlYzliMzBlNDQwNjc1MTk4MjUzIj48c2FtbDI6QXV0aG5Db250ZXh0%0APjxzYW1sMjpBdXRobkNvbnRleHRDbGFzc1JlZj51cm46b2FzaXM6bmFtZXM6%0AdGM6U0FNTDoyLjA6YWM6Y2xhc3Nlczp1bnNwZWNpZmllZDwvc2FtbDI6QXV0%0AaG5Db250ZXh0Q2xhc3NSZWY%2BPC9zYW1sMjpBdXRobkNvbnRleHQ%2BPC9zYW1s%0AMjpBdXRoblN0YXRlbWVudD48L3NhbWwyOkFzc2VydGlvbj4%3D%0A
    headers:
      accept-encoding:
      - gzip;q=1.0,deflate;q=0.6,identity;q=0.3
      accept:
      - "*/*"
      user-agent:
      - Ruby
      authorization:
      - OAuth oauth_consumer_key="qyprd9826q2GbgHDWGtG6mU0agp9S7"
      content-type:
      - application/x-www-form-urlencoded
  response:
    status:
      code: 200
      message: OK
    headers:
      date:
      - Mon, 27 Jan 2014 19:39:45 GMT
      server:
      - Apache
      cache-control:
      - no-cache, no-store
      pragma:
      - no-cache
      content-length:
      - '120'
      connection:
      - close
      content-type:
      - text/plain
    body:
      encoding: UTF-8
      string: oauth_token_secret=dWTnaJyAB70nKvuVZYh7fQK24GKsQFvZ1CkQZO7T&oauth_token=qyprdeXpftMNw28ZOVeZT0CxtdRoSYK1jKkt4ScHDMjM9itA
    http_version: '1.1'
  recorded_at: Mon, 27 Jan 2014 19:39:46 GMT
- request:
    method: delete
    uri: https://financialdatafeed.platform.intuit.com/rest-war/v1/customers
    body:
      encoding: US-ASCII
      string: ''
    headers:
      accept-encoding:
      - gzip;q=1.0,deflate;q=0.6,identity;q=0.3
      accept:
      - "*/*"
      user-agent:
      - OAuth gem v0.4.7
      authorization:
      - OAuth oauth_consumer_key="qyprd9826q2GbgHDWGtG6mU0agp9S7", oauth_nonce="1oF15r6nNdDGYP5avIesr74QTHuPNr5ZOx2aCbxmLY",
        oauth_signature="CgerezkjdY%2FCgRQ1jV2h11Z%2B6BQ%3D", oauth_signature_method="HMAC-SHA1",
        oauth_timestamp="1390851586", oauth_token="qyprdeXpftMNw28ZOVeZT0CxtdRoSYK1jKkt4ScHDMjM9itA",
        oauth_version="1.0"
  response:
    status:
      code: 200
      message: OK
    headers:
      date:
      - Mon, 27 Jan 2014 19:39:46 GMT
      intuit_tid:
      - gw-a0dc4782-c8c0-4fa9-a48b-18845e6d4523
      pragma:
      - no-cache
      content-type:
      - text/plain
      content-length:
      - '0'
      cache-control:
      - no-cache
      expires:
      - Wed, 31 Dec 1969 16:00:00 PST
      set-cookie:
      - JSESSIONID=954F61F16D860C1BB8127CC2B428CCF8.node50; Path=/rest-war
      connection:
      - close
    body:
      encoding: UTF-8
      string: ''
    http_version: '1.1'
  recorded_at: Mon, 27 Jan 2014 19:39:47 GMT
- request:
    method: post
    uri: https://secure.elabs10.com/API/mailing_list.html?activity=add&type=record
    body:
      encoding: US-ASCII
      string: input=%3CDATASET%3E%0A++++++++%3CSITE_ID%3E2010000797%3C%2FSITE_ID%3E%0A++++++++%3CDATA+type%3D%22extra%22+id%3D%22password%22%3El3tm31n%21%3C%2FDATA%3E%0A++++++++%3CMLID%3E247378%3C%2FMLID%3E%0A++++++++%3CDATA+type%3D%22email%22%3Efurd%40example.com%3C%2FDATA%3E%0A++++++++%3CDATA+type%3D%22extra%22+id%3D%22state%22%3Eactive%3C%2FDATA%3E%0A++++++++%3CDATA+type%3D%22demographic%22+id%3D%2257722%22%3Eoff%3C%2FDATA%3E%0A++++++++%3CDATA+type%3D%22demographic%22+id%3D%2257720%22%3E%3C%2FDATA%3E%0A++++++++%3CDATA+type%3D%22demographic%22+id%3D%221%22%3EFrud%3C%2FDATA%3E%0A++++++++%3CDATA+type%3D%22demographic%22+id%3D%2211%22%3E%3C%2FDATA%3E%0A++++++++%3CDATA+type%3D%22demographic%22+id%3D%2261623%22%3Eoff%3C%2FDATA%3E%0A++++++++%3CDATA+type%3D%22demographic%22+id%3D%2261622%22%3Eoff%3C%2FDATA%3E%0A++++++++%3CDATA+type%3D%22demographic%22+id%3D%2235743%22%3Eon%3C%2FDATA%3E%0A++++++++%3CDATA+type%3D%22demographic%22+id%3D%222%22%3E%3C%2FDATA%3E%0A++++++++%3CDATA+type%3D%22demographic%22+id%3D%2264485%22%3E971F655ED985254C722F13C7365A13112D9C85E76E8CE04670A1DC19DE238067%3C%2FDATA%3E%0A++++++++%3CDATA+type%3D%22demographic%22+id%3D%2257721%22%3E1432%3C%2FDATA%3E%0A++++++++%3CDATA+type%3D%22demographic%22+id%3D%2257728%22%3E02%2F12%2F2014%3C%2FDATA%3E%0A++++++++%3CDATA+type%3D%22demographic%22+id%3D%226%22%3E%3C%2FDATA%3E%0A++++++++%3CDATA+type%3D%22demographic%22+id%3D%2235630%22%3E76576%3C%2FDATA%3E%0A++++++++%3CDATA+type%3D%22demographic%22+id%3D%2261695%22%3E6%3C%2FDATA%3E%0A++++++++%3CDATA+type%3D%22demographic%22+id%3D%2239583%22%3EPlink+points%3C%2FDATA%3E%0A++++++++%3CDATA+type%3D%22demographic%22+id%3D%227%22%3E%3C%2FDATA%3E%0A++++++%3C%2FDATASET%3E
    headers:
      Accept-Encoding:
      - gzip;q=1.0,deflate;q=0.6,identity;q=0.3
      Accept:
      - "*/*"
      User-Agent:
      - Ruby
      Content-Type:
      - application/x-www-form-urlencoded
  response:
    status:
      code: 200
      message: OK
    headers:
      Date:
      - Wed, 12 Feb 2014 21:23:38 GMT
      Server:
      - Apache
      Content-Length:
      - '123'
      Connection:
      - close
      Content-Type:
      - text/xml
      Set-Cookie:
      - SRV=1|UvvmX; path=/
    body:
      encoding: UTF-8
      string: |
        <?xml version="1.0" encoding="iso-8859-1"?>
        <DATASET><TYPE>error</TYPE><DATA>Email address already exists</DATA></DATASET>
    http_version: 
  recorded_at: Wed, 12 Feb 2014 21:23:38 GMT
recorded_with: VCR 2.8.0
